CompletedFrame { buffer: Buffer {
    area: Rect { x: 0, y: 0, width: 80, height: 24 },
    content: [
        "                                                                                ",
        "                                                                                ",
        "                                                                                ",
        "                                                                                ",
        "                                                                                ",
        "                                                                                ",
        "                                                                                ",
        "                ╭ Configuration ───────────────────────────────╮                ",
        "                │Default Category: quant-ph                    │                ",
        "                │                                              │                ",
        "                │Highlighting:                                 │                ",
        "                │Pinned Authors: None                          │                ",
        "                │Pinned Categories: None                       │                ",
        "                │                                              │                ",
        "                │                                              │                ",
        "                │                                              │                ",
        "                ╰──────────────────────────────────────────────╯                ",
        "                                                                                ",
        "                                                                                ",
        "                                                                                ",
        "                                                                                ",
        "                                                                                ",
        "                                                                                ",
        "                                                                                ",
    ],
    styles: [
        x: 0, y: 0, fg: Reset, bg: Reset, underline: Reset, modifier: NONE,
        x: 16, y: 7, fg: Rgb(128, 128, 128), bg: Black, underline: Reset, modifier: NONE,
        x: 17, y: 7, fg: Rgb(255, 165, 0), bg: Black, underline: Reset, modifier: BOLD,
        x: 32, y: 7, fg: Rgb(128, 128, 128), bg: Black, underline: Reset, modifier: NONE,
        x: 64, y: 7, fg: Reset, bg: Reset, underline: Reset, modifier: NONE,
        x: 16, y: 8, fg: Rgb(128, 128, 128), bg: Black, underline: Reset, modifier: NONE,
        x: 17, y: 8, fg: Reset, bg: Black, underline: Reset, modifier: NONE,
        x: 35, y: 8, fg: Rgb(255, 165, 0), bg: Black, underline: Reset, modifier: BOLD,
        x: 43, y: 8, fg: Reset, bg: Black, underline: Reset, modifier: NONE,
        x: 63, y: 8, fg: Rgb(128, 128, 128), bg: Black, underline: Reset, modifier: NONE,
        x: 64, y: 8, fg: Reset, bg: Reset, underline: Reset, modifier: NONE,
        x: 16, y: 9, fg: Rgb(128, 128, 128), bg: Black, underline: Reset, modifier: NONE,
        x: 17, y: 9, fg: Reset, bg: Black, underline: Reset, modifier: NONE,
        x: 63, y: 9, fg: Rgb(128, 128, 128), bg: Black, underline: Reset, modifier: NONE,
        x: 64, y: 9, fg: Reset, bg: Reset, underline: Reset, modifier: NONE,
        x: 16, y: 10, fg: Rgb(128, 128, 128), bg: Black, underline: Reset, modifier: NONE,
        x: 17, y: 10, fg: Rgb(255, 165, 0), bg: Black, underline: Reset, modifier: BOLD,
        x: 31, y: 10, fg: Reset, bg: Black, underline: Reset, modifier: NONE,
        x: 63, y: 10, fg: Rgb(128, 128, 128), bg: Black, underline: Reset, modifier: NONE,
        x: 64, y: 10, fg: Reset, bg: Reset, underline: Reset, modifier: NONE,
        x: 16, y: 11, fg: Rgb(128, 128, 128), bg: Black, underline: Reset, modifier: NONE,
        x: 17, y: 11, fg: Cyan, bg: Black, underline: Reset, modifier: BOLD,
        x: 33, y: 11, fg: White, bg: Black, underline: Reset, modifier: NONE,
        x: 37, y: 11, fg: Reset, bg: Black, underline: Reset, modifier: NONE,
        x: 63, y: 11, fg: Rgb(128, 128, 128), bg: Black, underline: Reset, modifier: NONE,
        x: 64, y: 11, fg: Reset, bg: Reset, underline: Reset, modifier: NONE,
        x: 16, y: 12, fg: Rgb(128, 128, 128), bg: Black, underline: Reset, modifier: NONE,
        x: 17, y: 12, fg: Cyan, bg: Black, underline: Reset, modifier: BOLD,
        x: 36, y: 12, fg: White, bg: Black, underline: Reset, modifier: NONE,
        x: 40, y: 12, fg: Reset, bg: Black, underline: Reset, modifier: NONE,
        x: 63, y: 12, fg: Rgb(128, 128, 128), bg: Black, underline: Reset, modifier: NONE,
        x: 64, y: 12, fg: Reset, bg: Reset, underline: Reset, modifier: NONE,
        x: 16, y: 13, fg: Rgb(128, 128, 128), bg: Black, underline: Reset, modifier: NONE,
        x: 17, y: 13, fg: Reset, bg: Black, underline: Reset, modifier: NONE,
        x: 63, y: 13, fg: Rgb(128, 128, 128), bg: Black, underline: Reset, modifier: NONE,
        x: 64, y: 13, fg: Reset, bg: Reset, underline: Reset, modifier: NONE,
        x: 16, y: 14, fg: Rgb(128, 128, 128), bg: Black, underline: Reset, modifier: NONE,
        x: 17, y: 14, fg: Reset, bg: Black, underline: Reset, modifier: NONE,
        x: 63, y: 14, fg: Rgb(128, 128, 128), bg: Black, underline: Reset, modifier: NONE,
        x: 64, y: 14, fg: Reset, bg: Reset, underline: Reset, modifier: NONE,
        x: 16, y: 15, fg: Rgb(128, 128, 128), bg: Black, underline: Reset, modifier: NONE,
        x: 17, y: 15, fg: Reset, bg: Black, underline: Reset, modifier: NONE,
        x: 63, y: 15, fg: Rgb(128, 128, 128), bg: Black, underline: Reset, modifier: NONE,
        x: 64, y: 15, fg: Reset, bg: Reset, underline: Reset, modifier: NONE,
        x: 16, y: 16, fg: Rgb(128, 128, 128), bg: Black, underline: Reset, modifier: NONE,
        x: 64, y: 16, fg: Reset, bg: Reset, underline: Reset, modifier: NONE,
    ]
}, area: Rect { x: 0, y: 0, width: 80, height: 24 }, count: 0 }