CompletedFrame { buffer: Buffer {
    area: Rect { x: 0, y: 0, width: 80, height: 24 },
    content: [
        "q Quit | ? Help | j/k Nav | y Yank | c Config                                   ",
        "                                                                                ",
        "                                                                                ",
        "                                                                                ",
        "                                                                                ",
        "                                                                                ",
        "                                                                                ",
        "                                                                                ",
        "                                                                                ",
        "                                                                                ",
        "                                                                                ",
        "                                                                                ",
        "                                                                                ",
        "                                                                                ",
        "                                                                                ",
        "                                                                                ",
        "                                                                                ",
        "                                                                                ",
        "                                                                                ",
        "                                                                                ",
        "                                                                                ",
        "                                                                                ",
        "                                                                                ",
        "                                                                                ",
    ],
    styles: [
        x: 0, y: 0, fg: Black, bg: Rgb(0, 128, 128), underline: Reset, modifier: NONE,
    ]
}, area: Rect { x: 0, y: 0, width: 80, height: 24 }, count: 0 }