CompletedFrame { buffer: Buffer {
    area: Rect { x: 0, y: 0, width: 120, height: 30 },
    content: [
        "╭[3] Article Preview───────────────────────────────────────────────────────────────────────────────────────────────────╮",
        "│                                                                                                                      │",
        "│  Title ───────────────────────────────────────────────────────────────────────────────────────────────────────────── │",
        "│   No results found                                                                                                   │",
        "│                                                                                                                      │",
        "│                                                                                                                      │",
        "│  Author ──────────────────────────────────────────────────────────────────────────────────────────────────────────── │",
        "│                                                                                                                      │",
        "│                                                                                                                      │",
        "│                                                                                                                      │",
        "│                                                                                                                      │",
        "│                                                                                                                      │",
        "│  Abstract ────────────────────────────────────────────────────────────────────────────────────────────────────────── │",
        "│   No articles match your current search criteria.You can:• Try different keywords• Check for typos• Use broader      │",
        "│   search terms• Clear the search to see all articles                                                                 │",
        "│                                                                                                                      │",
        "│                                                                                                                      │",
        "│                                                                                                                      │",
        "│                                                                                                                      │",
        "│                                                                                                                      │",
        "│                                                                                                                      │",
        "│                                                                                                                      │",
        "│                                                                                                                      │",
        "│                                                                                                                      │",
        "│                                                                                                                      │",
        "│                                                                                                                      │",
        "│ Updated───────────────────────────────────────────────────────────────────────────────────────────────────────────── │",
        "│                                                                                                                      │",
        "│                                                                                                                      │",
        "╰──────────────────────────────────────────────────────────────────────────────────────────────────────────────────────╯",
    ],
    styles: [
        x: 0, y: 0, fg: Rgb(128, 128, 128), bg: Reset, underline: Reset, modifier: NONE,
        x: 1, y: 0, fg: Rgb(255, 165, 0), bg: Reset, underline: Reset, modifier: BOLD,
        x: 20, y: 0, fg: Rgb(128, 128, 128), bg: Reset, underline: Reset, modifier: NONE,
        x: 1, y: 1, fg: Reset, bg: Reset, underline: Reset, modifier: NONE,
        x: 119, y: 1, fg: Rgb(128, 128, 128), bg: Reset, underline: Reset, modifier: NONE,
        x: 1, y: 2, fg: Reset, bg: Reset, underline: Reset, modifier: NONE,
        x: 2, y: 2, fg: Rgb(255, 165, 0), bg: Black, underline: Reset, modifier: BOLD,
        x: 9, y: 2, fg: Rgb(0, 128, 128), bg: Black, underline: Reset, modifier: NONE,
        x: 118, y: 2, fg: Reset, bg: Reset, underline: Reset, modifier: NONE,
        x: 119, y: 2, fg: Rgb(128, 128, 128), bg: Reset, underline: Reset, modifier: NONE,
        x: 1, y: 3, fg: Reset, bg: Reset, underline: Reset, modifier: NONE,
        x: 2, y: 3, fg: Rgb(0, 128, 128), bg: Black, underline: Reset, modifier: NONE,
        x: 118, y: 3, fg: Reset, bg: Reset, underline: Reset, modifier: NONE,
        x: 119, y: 3, fg: Rgb(128, 128, 128), bg: Reset, underline: Reset, modifier: NONE,
        x: 1, y: 4, fg: Reset, bg: Reset, underline: Reset, modifier: NONE,
        x: 2, y: 4, fg: Rgb(0, 128, 128), bg: Black, underline: Reset, modifier: NONE,
        x: 118, y: 4, fg: Reset, bg: Reset, underline: Reset, modifier: NONE,
        x: 119, y: 4, fg: Rgb(128, 128, 128), bg: Reset, underline: Reset, modifier: NONE,
        x: 1, y: 5, fg: Reset, bg: Reset, underline: Reset, modifier: NONE,
        x: 2, y: 5, fg: Rgb(0, 128, 128), bg: Black, underline: Reset, modifier: NONE,
        x: 118, y: 5, fg: Reset, bg: Reset, underline: Reset, modifier: NONE,
        x: 119, y: 5, fg: Rgb(128, 128, 128), bg: Reset, underline: Reset, modifier: NONE,
        x: 1, y: 6, fg: Reset, bg: Reset, underline: Reset, modifier: NONE,
        x: 2, y: 6, fg: Rgb(255, 165, 0), bg: Black, underline: Reset, modifier: BOLD,
        x: 10, y: 6, fg: Rgb(0, 128, 128), bg: Black, underline: Reset, modifier: NONE,
        x: 118, y: 6, fg: Reset, bg: Reset, underline: Reset, modifier: NONE,
        x: 119, y: 6, fg: Rgb(128, 128, 128), bg: Reset, underline: Reset, modifier: NONE,
        x: 1, y: 7, fg: Reset, bg: Reset, underline: Reset, modifier: NONE,
        x: 2, y: 7, fg: Rgb(0, 128, 128), bg: Black, underline: Reset, modifier: NONE,
        x: 118, y: 7, fg: Reset, bg: Reset, underline: Reset, modifier: NONE,
        x: 119, y: 7, fg: Rgb(128, 128, 128), bg: Reset, underline: Reset, modifier: NONE,
        x: 1, y: 8, fg: Reset, bg: Reset, underline: Reset, modifier: NONE,
        x: 2, y: 8, fg: Rgb(0, 128, 128), bg: Black, underline: Reset, modifier: NONE,
        x: 118, y: 8, fg: Reset, bg: Reset, underline: Reset, modifier: NONE,
        x: 119, y: 8, fg: Rgb(128, 128, 128), bg: Reset, underline: Reset, modifier: NONE,
        x: 1, y: 9, fg: Reset, bg: Reset, underline: Reset, modifier: NONE,
        x: 2, y: 9, fg: Rgb(0, 128, 128), bg: Black, underline: Reset, modifier: NONE,
        x: 118, y: 9, fg: Reset, bg: Reset, underline: Reset, modifier: NONE,
        x: 119, y: 9, fg: Rgb(128, 128, 128), bg: Reset, underline: Reset, modifier: NONE,
        x: 1, y: 10, fg: Reset, bg: Reset, underline: Reset, modifier: NONE,
        x: 2, y: 10, fg: Rgb(0, 128, 128), bg: Black, underline: Reset, modifier: NONE,
        x: 118, y: 10, fg: Reset, bg: Reset, underline: Reset, modifier: NONE,
        x: 119, y: 10, fg: Rgb(128, 128, 128), bg: Reset, underline: Reset, modifier: NONE,
        x: 1, y: 11, fg: Reset, bg: Reset, underline: Reset, modifier: NONE,
        x: 2, y: 11, fg: Rgb(0, 128, 128), bg: Black, underline: Reset, modifier: NONE,
        x: 118, y: 11, fg: Reset, bg: Reset, underline: Reset, modifier: NONE,
        x: 119, y: 11, fg: Rgb(128, 128, 128), bg: Reset, underline: Reset, modifier: NONE,
        x: 1, y: 12, fg: Reset, bg: Reset, underline: Reset, modifier: NONE,
        x: 2, y: 12, fg: Rgb(255, 165, 0), bg: Black, underline: Reset, modifier: BOLD,
        x: 12, y: 12, fg: Rgb(0, 128, 128), bg: Black, underline: Reset, modifier: NONE,
        x: 118, y: 12, fg: Reset, bg: Reset, underline: Reset, modifier: NONE,
        x: 119, y: 12, fg: Rgb(128, 128, 128), bg: Reset, underline: Reset, modifier: NONE,
        x: 1, y: 13, fg: Reset, bg: Reset, underline: Reset, modifier: NONE,
        x: 2, y: 13, fg: Rgb(0, 128, 128), bg: Black, underline: Reset, modifier: NONE,
        x: 118, y: 13, fg: Reset, bg: Reset, underline: Reset, modifier: NONE,
        x: 119, y: 13, fg: Rgb(128, 128, 128), bg: Reset, underline: Reset, modifier: NONE,
        x: 1, y: 14, fg: Reset, bg: Reset, underline: Reset, modifier: NONE,
        x: 2, y: 14, fg: Rgb(0, 128, 128), bg: Black, underline: Reset, modifier: NONE,
        x: 118, y: 14, fg: Reset, bg: Reset, underline: Reset, modifier: NONE,
        x: 119, y: 14, fg: Rgb(128, 128, 128), bg: Reset, underline: Reset, modifier: NONE,
        x: 1, y: 15, fg: Reset, bg: Reset, underline: Reset, modifier: NONE,
        x: 2, y: 15, fg: Rgb(0, 128, 128), bg: Black, underline: Reset, modifier: NONE,
        x: 118, y: 15, fg: Reset, bg: Reset, underline: Reset, modifier: NONE,
        x: 119, y: 15, fg: Rgb(128, 128, 128), bg: Reset, underline: Reset, modifier: NONE,
        x: 1, y: 16, fg: Reset, bg: Reset, underline: Reset, modifier: NONE,
        x: 2, y: 16, fg: Rgb(0, 128, 128), bg: Black, underline: Reset, modifier: NONE,
        x: 118, y: 16, fg: Reset, bg: Reset, underline: Reset, modifier: NONE,
        x: 119, y: 16, fg: Rgb(128, 128, 128), bg: Reset, underline: Reset, modifier: NONE,
        x: 1, y: 17, fg: Reset, bg: Reset, underline: Reset, modifier: NONE,
        x: 2, y: 17, fg: Rgb(0, 128, 128), bg: Black, underline: Reset, modifier: NONE,
        x: 118, y: 17, fg: Reset, bg: Reset, underline: Reset, modifier: NONE,
        x: 119, y: 17, fg: Rgb(128, 128, 128), bg: Reset, underline: Reset, modifier: NONE,
        x: 1, y: 18, fg: Reset, bg: Reset, underline: Reset, modifier: NONE,
        x: 2, y: 18, fg: Rgb(0, 128, 128), bg: Black, underline: Reset, modifier: NONE,
        x: 118, y: 18, fg: Reset, bg: Reset, underline: Reset, modifier: NONE,
        x: 119, y: 18, fg: Rgb(128, 128, 128), bg: Reset, underline: Reset, modifier: NONE,
        x: 1, y: 19, fg: Reset, bg: Reset, underline: Reset, modifier: NONE,
        x: 2, y: 19, fg: Rgb(0, 128, 128), bg: Black, underline: Reset, modifier: NONE,
        x: 118, y: 19, fg: Reset, bg: Reset, underline: Reset, modifier: NONE,
        x: 119, y: 19, fg: Rgb(128, 128, 128), bg: Reset, underline: Reset, modifier: NONE,
        x: 1, y: 20, fg: Reset, bg: Reset, underline: Reset, modifier: NONE,
        x: 2, y: 20, fg: Rgb(0, 128, 128), bg: Black, underline: Reset, modifier: NONE,
        x: 118, y: 20, fg: Reset, bg: Reset, underline: Reset, modifier: NONE,
        x: 119, y: 20, fg: Rgb(128, 128, 128), bg: Reset, underline: Reset, modifier: NONE,
        x: 1, y: 21, fg: Reset, bg: Reset, underline: Reset, modifier: NONE,
        x: 2, y: 21, fg: Rgb(0, 128, 128), bg: Black, underline: Reset, modifier: NONE,
        x: 118, y: 21, fg: Reset, bg: Reset, underline: Reset, modifier: NONE,
        x: 119, y: 21, fg: Rgb(128, 128, 128), bg: Reset, underline: Reset, modifier: NONE,
        x: 1, y: 22, fg: Reset, bg: Reset, underline: Reset, modifier: NONE,
        x: 2, y: 22, fg: Rgb(0, 128, 128), bg: Black, underline: Reset, modifier: NONE,
        x: 118, y: 22, fg: Reset, bg: Reset, underline: Reset, modifier: NONE,
        x: 119, y: 22, fg: Rgb(128, 128, 128), bg: Reset, underline: Reset, modifier: NONE,
        x: 1, y: 23, fg: Reset, bg: Reset, underline: Reset, modifier: NONE,
        x: 2, y: 23, fg: Rgb(0, 128, 128), bg: Black, underline: Reset, modifier: NONE,
        x: 118, y: 23, fg: Reset, bg: Reset, underline: Reset, modifier: NONE,
        x: 119, y: 23, fg: Rgb(128, 128, 128), bg: Reset, underline: Reset, modifier: NONE,
        x: 1, y: 24, fg: Reset, bg: Reset, underline: Reset, modifier: NONE,
        x: 2, y: 24, fg: Rgb(0, 128, 128), bg: Black, underline: Reset, modifier: NONE,
        x: 118, y: 24, fg: Reset, bg: Reset, underline: Reset, modifier: NONE,
        x: 119, y: 24, fg: Rgb(128, 128, 128), bg: Reset, underline: Reset, modifier: NONE,
        x: 1, y: 25, fg: Reset, bg: Reset, underline: Reset, modifier: NONE,
        x: 2, y: 25, fg: Rgb(0, 128, 128), bg: Black, underline: Reset, modifier: NONE,
        x: 118, y: 25, fg: Reset, bg: Reset, underline: Reset, modifier: NONE,
        x: 119, y: 25, fg: Rgb(128, 128, 128), bg: Reset, underline: Reset, modifier: NONE,
        x: 1, y: 26, fg: Reset, bg: Reset, underline: Reset, modifier: NONE,
        x: 2, y: 26, fg: Rgb(255, 165, 0), bg: Black, underline: Reset, modifier: BOLD,
        x: 9, y: 26, fg: Rgb(0, 128, 128), bg: Black, underline: Reset, modifier: NONE,
        x: 118, y: 26, fg: Reset, bg: Reset, underline: Reset, modifier: NONE,
        x: 119, y: 26, fg: Rgb(128, 128, 128), bg: Reset, underline: Reset, modifier: NONE,
        x: 1, y: 27, fg: Reset, bg: Reset, underline: Reset, modifier: NONE,
        x: 2, y: 27, fg: Rgb(0, 128, 128), bg: Black, underline: Reset, modifier: NONE,
        x: 118, y: 27, fg: Reset, bg: Reset, underline: Reset, modifier: NONE,
        x: 119, y: 27, fg: Rgb(128, 128, 128), bg: Reset, underline: Reset, modifier: NONE,
        x: 1, y: 28, fg: Reset, bg: Reset, underline: Reset, modifier: NONE,
        x: 119, y: 28, fg: Rgb(128, 128, 128), bg: Reset, underline: Reset, modifier: NONE,
    ]
}, area: Rect { x: 0, y: 0, width: 120, height: 30 }, count: 0 }