CompletedFrame { buffer: Buffer {
    area: Rect { x: 0, y: 0, width: 20, height: 6 },
    content: [
        "╭[3]  Article Previ╮",
        "│                  │",
        "│  Abstract ────── │",
        "│   No articles    │",
        "│                  │",
        "╰──────────────────╯",
    ],
    styles: [
        x: 0, y: 0, fg: Rgb(128, 128, 128), bg: Reset, underline: Reset, modifier: NONE,
        x: 1, y: 0, fg: Rgb(255, 165, 0), bg: Reset, underline: Reset, modifier: BOLD,
        x: 19, y: 0, fg: Rgb(128, 128, 128), bg: Reset, underline: Reset, modifier: NONE,
        x: 1, y: 1, fg: Reset, bg: Reset, underline: Reset, modifier: NONE,
        x: 19, y: 1, fg: Rgb(128, 128, 128), bg: Reset, underline: Reset, modifier: NONE,
        x: 1, y: 2, fg: Reset, bg: Reset, underline: Reset, modifier: NONE,
        x: 2, y: 2, fg: Rgb(255, 165, 0), bg: Black, underline: Reset, modifier: BOLD,
        x: 12, y: 2, fg: Rgb(0, 128, 128), bg: Black, underline: Reset, modifier: NONE,
        x: 18, y: 2, fg: Reset, bg: Reset, underline: Reset, modifier: NONE,
        x: 19, y: 2, fg: Rgb(128, 128, 128), bg: Reset, underline: Reset, modifier: NONE,
        x: 1, y: 3, fg: Reset, bg: Reset, underline: Reset, modifier: NONE,
        x: 2, y: 3, fg: Rgb(0, 128, 128), bg: Black, underline: Reset, modifier: NONE,
        x: 18, y: 3, fg: Reset, bg: Reset, underline: Reset, modifier: NONE,
        x: 19, y: 3, fg: Rgb(128, 128, 128), bg: Reset, underline: Reset, modifier: NONE,
        x: 1, y: 4, fg: Reset, bg: Reset, underline: Reset, modifier: NONE,
        x: 19, y: 4, fg: Rgb(128, 128, 128), bg: Reset, underline: Reset, modifier: NONE,
    ]
}, area: Rect { x: 0, y: 0, width: 20, height: 6 }, count: 0 }