CompletedFrame { buffer: Buffer {
    area: Rect { x: 0, y: 0, width: 80, height: 24 },
    content: [
        "╭ Search  ─────────────────────────────────────────────────────────────────────╮",
        "│test query                                                                    │",
        "│                                                                              │",
        "│                                                                              │",
        "│                                                                              │",
        "│                                                                              │",
        "│                                                                              │",
        "│                                                                              │",
        "│                                                                              │",
        "│                                                                              │",
        "│                                                                              │",
        "│                                                                              │",
        "│                                                                              │",
        "│                                                                              │",
        "│                                                                              │",
        "│                                                                              │",
        "│                                                                              │",
        "│                                                                              │",
        "│                                                                              │",
        "│                                                                              │",
        "│                                                                              │",
        "│                                                                              │",
        "│                                                                              │",
        "╰──────────────────────────────────────────────────────────────────────────────╯",
    ],
    styles: [
        x: 0, y: 0, fg: Rgb(128, 128, 128), bg: Black, underline: Reset, modifier: NONE,
        x: 1, y: 0, fg: Rgb(255, 165, 0), bg: Black, underline: Reset, modifier: BOLD,
        x: 10, y: 0, fg: Rgb(128, 128, 128), bg: Black, underline: Reset, modifier: NONE,
        x: 1, y: 1, fg: White, bg: Black, underline: Reset, modifier: NONE,
        x: 79, y: 1, fg: Rgb(128, 128, 128), bg: Black, underline: Reset, modifier: NONE,
        x: 1, y: 2, fg: White, bg: Black, underline: Reset, modifier: NONE,
        x: 79, y: 2, fg: Rgb(128, 128, 128), bg: Black, underline: Reset, modifier: NONE,
        x: 1, y: 3, fg: White, bg: Black, underline: Reset, modifier: NONE,
        x: 79, y: 3, fg: Rgb(128, 128, 128), bg: Black, underline: Reset, modifier: NONE,
        x: 1, y: 4, fg: White, bg: Black, underline: Reset, modifier: NONE,
        x: 79, y: 4, fg: Rgb(128, 128, 128), bg: Black, underline: Reset, modifier: NONE,
        x: 1, y: 5, fg: White, bg: Black, underline: Reset, modifier: NONE,
        x: 79, y: 5, fg: Rgb(128, 128, 128), bg: Black, underline: Reset, modifier: NONE,
        x: 1, y: 6, fg: White, bg: Black, underline: Reset, modifier: NONE,
        x: 79, y: 6, fg: Rgb(128, 128, 128), bg: Black, underline: Reset, modifier: NONE,
        x: 1, y: 7, fg: White, bg: Black, underline: Reset, modifier: NONE,
        x: 79, y: 7, fg: Rgb(128, 128, 128), bg: Black, underline: Reset, modifier: NONE,
        x: 1, y: 8, fg: White, bg: Black, underline: Reset, modifier: NONE,
        x: 79, y: 8, fg: Rgb(128, 128, 128), bg: Black, underline: Reset, modifier: NONE,
        x: 1, y: 9, fg: White, bg: Black, underline: Reset, modifier: NONE,
        x: 79, y: 9, fg: Rgb(128, 128, 128), bg: Black, underline: Reset, modifier: NONE,
        x: 1, y: 10, fg: White, bg: Black, underline: Reset, modifier: NONE,
        x: 79, y: 10, fg: Rgb(128, 128, 128), bg: Black, underline: Reset, modifier: NONE,
        x: 1, y: 11, fg: White, bg: Black, underline: Reset, modifier: NONE,
        x: 79, y: 11, fg: Rgb(128, 128, 128), bg: Black, underline: Reset, modifier: NONE,
        x: 1, y: 12, fg: White, bg: Black, underline: Reset, modifier: NONE,
        x: 79, y: 12, fg: Rgb(128, 128, 128), bg: Black, underline: Reset, modifier: NONE,
        x: 1, y: 13, fg: White, bg: Black, underline: Reset, modifier: NONE,
        x: 79, y: 13, fg: Rgb(128, 128, 128), bg: Black, underline: Reset, modifier: NONE,
        x: 1, y: 14, fg: White, bg: Black, underline: Reset, modifier: NONE,
        x: 79, y: 14, fg: Rgb(128, 128, 128), bg: Black, underline: Reset, modifier: NONE,
        x: 1, y: 15, fg: White, bg: Black, underline: Reset, modifier: NONE,
        x: 79, y: 15, fg: Rgb(128, 128, 128), bg: Black, underline: Reset, modifier: NONE,
        x: 1, y: 16, fg: White, bg: Black, underline: Reset, modifier: NONE,
        x: 79, y: 16, fg: Rgb(128, 128, 128), bg: Black, underline: Reset, modifier: NONE,
        x: 1, y: 17, fg: White, bg: Black, underline: Reset, modifier: NONE,
        x: 79, y: 17, fg: Rgb(128, 128, 128), bg: Black, underline: Reset, modifier: NONE,
        x: 1, y: 18, fg: White, bg: Black, underline: Reset, modifier: NONE,
        x: 79, y: 18, fg: Rgb(128, 128, 128), bg: Black, underline: Reset, modifier: NONE,
        x: 1, y: 19, fg: White, bg: Black, underline: Reset, modifier: NONE,
        x: 79, y: 19, fg: Rgb(128, 128, 128), bg: Black, underline: Reset, modifier: NONE,
        x: 1, y: 20, fg: White, bg: Black, underline: Reset, modifier: NONE,
        x: 79, y: 20, fg: Rgb(128, 128, 128), bg: Black, underline: Reset, modifier: NONE,
        x: 1, y: 21, fg: White, bg: Black, underline: Reset, modifier: NONE,
        x: 79, y: 21, fg: Rgb(128, 128, 128), bg: Black, underline: Reset, modifier: NONE,
        x: 1, y: 22, fg: White, bg: Black, underline: Reset, modifier: NONE,
        x: 79, y: 22, fg: Rgb(128, 128, 128), bg: Black, underline: Reset, modifier: NONE,
    ]
}, area: Rect { x: 0, y: 0, width: 80, height: 24 }, count: 0 }